Analysis & Synthesis report for game
Fri Dec 07 22:30:39 2018
Quartus Prime Version 18.1.0 Build 625 09/12/2018 SJ Lite Edition


---------------------
; Table of Contents ;
---------------------
  1. Legal Notice
  2. Analysis & Synthesis Summary
  3. Analysis & Synthesis Settings
  4. Parallel Compilation
  5. Analysis & Synthesis Messages



----------------
; Legal Notice ;
----------------
Copyright (C) 2018  Intel Corporation. All rights reserved.
Your use of Intel Corporation's design tools, logic functions 
and other software and tools, and its AMPP partner logic 
functions, and any output files from any of the foregoing 
(including device programming or simulation files), and any 
associated documentation or information are expressly subject 
to the terms and conditions of the Intel Program License 
Subscription Agreement, the Intel Quartus Prime License Agreement,
the Intel FPGA IP License Agreement, or other applicable license
agreement, including, without limitation, that your use is for
the sole purpose of programming logic devices manufactured by
Intel and sold by Intel or its authorized distributors.  Please
refer to the applicable agreement for further details.



+----------------------------------------------------------------------------------+
; Analysis & Synthesis Summary                                                     ;
+------------------------------------+---------------------------------------------+
; Analysis & Synthesis Status        ; Failed - Fri Dec 07 22:30:39 2018           ;
; Quartus Prime Version              ; 18.1.0 Build 625 09/12/2018 SJ Lite Edition ;
; Revision Name                      ; game                                        ;
; Top-level Entity Name              ; vga_with_hw_test_image                      ;
; Family                             ; Cyclone IV E                                ;
; Total logic elements               ; N/A until Partition Merge                   ;
;     Total combinational functions  ; N/A until Partition Merge                   ;
;     Dedicated logic registers      ; N/A until Partition Merge                   ;
; Total registers                    ; N/A until Partition Merge                   ;
; Total pins                         ; N/A until Partition Merge                   ;
; Total virtual pins                 ; N/A until Partition Merge                   ;
; Total memory bits                  ; N/A until Partition Merge                   ;
; Embedded Multiplier 9-bit elements ; N/A until Partition Merge                   ;
; Total PLLs                         ; N/A until Partition Merge                   ;
+------------------------------------+---------------------------------------------+


+----------------------------------------------------------------------------------------------------------------+
; Analysis & Synthesis Settings                                                                                  ;
+------------------------------------------------------------------+------------------------+--------------------+
; Option                                                           ; Setting                ; Default Value      ;
+------------------------------------------------------------------+------------------------+--------------------+
; Device                                                           ; EP4CE115F29C7          ;                    ;
; Top-level entity name                                            ; vga_with_hw_test_image ; game               ;
; Family name                                                      ; Cyclone IV E           ; Cyclone V          ;
; Use smart compilation                                            ; Off                    ; Off                ;
; Enable parallel Assembler and Timing Analyzer during compilation ; On                     ; On                 ;
; Enable compact report table                                      ; Off                    ; Off                ;
; Restructure Multiplexers                                         ; Auto                   ; Auto               ;
; Create Debugging Nodes for IP Cores                              ; Off                    ; Off                ;
; Preserve fewer node names                                        ; On                     ; On                 ;
; Intel FPGA IP Evaluation Mode                                    ; Enable                 ; Enable             ;
; Verilog Version                                                  ; Verilog_2001           ; Verilog_2001       ;
; VHDL Version                                                     ; VHDL_1993              ; VHDL_1993          ;
; State Machine Processing                                         ; Auto                   ; Auto               ;
; Safe State Machine                                               ; Off                    ; Off                ;
; Extract Verilog State Machines                                   ; On                     ; On                 ;
; Extract VHDL State Machines                                      ; On                     ; On                 ;
; Ignore Verilog initial constructs                                ; Off                    ; Off                ;
; Iteration limit for constant Verilog loops                       ; 5000                   ; 5000               ;
; Iteration limit for non-constant Verilog loops                   ; 250                    ; 250                ;
; Add Pass-Through Logic to Inferred RAMs                          ; On                     ; On                 ;
; Infer RAMs from Raw Logic                                        ; On                     ; On                 ;
; Parallel Synthesis                                               ; On                     ; On                 ;
; DSP Block Balancing                                              ; Auto                   ; Auto               ;
; NOT Gate Push-Back                                               ; On                     ; On                 ;
; Power-Up Don't Care                                              ; On                     ; On                 ;
; Remove Redundant Logic Cells                                     ; Off                    ; Off                ;
; Remove Duplicate Registers                                       ; On                     ; On                 ;
; Ignore CARRY Buffers                                             ; Off                    ; Off                ;
; Ignore CASCADE Buffers                                           ; Off                    ; Off                ;
; Ignore GLOBAL Buffers                                            ; Off                    ; Off                ;
; Ignore ROW GLOBAL Buffers                                        ; Off                    ; Off                ;
; Ignore LCELL Buffers                                             ; Off                    ; Off                ;
; Ignore SOFT Buffers                                              ; On                     ; On                 ;
; Limit AHDL Integers to 32 Bits                                   ; Off                    ; Off                ;
; Optimization Technique                                           ; Balanced               ; Balanced           ;
; Carry Chain Length                                               ; 70                     ; 70                 ;
; Auto Carry Chains                                                ; On                     ; On                 ;
; Auto Open-Drain Pins                                             ; On                     ; On                 ;
; Perform WYSIWYG Primitive Resynthesis                            ; Off                    ; Off                ;
; Auto ROM Replacement                                             ; On                     ; On                 ;
; Auto RAM Replacement                                             ; On                     ; On                 ;
; Auto DSP Block Replacement                                       ; On                     ; On                 ;
; Auto Shift Register Replacement                                  ; Auto                   ; Auto               ;
; Allow Shift Register Merging across Hierarchies                  ; Auto                   ; Auto               ;
; Auto Clock Enable Replacement                                    ; On                     ; On                 ;
; Strict RAM Replacement                                           ; Off                    ; Off                ;
; Allow Synchronous Control Signals                                ; On                     ; On                 ;
; Force Use of Synchronous Clear Signals                           ; Off                    ; Off                ;
; Auto RAM Block Balancing                                         ; On                     ; On                 ;
; Auto RAM to Logic Cell Conversion                                ; Off                    ; Off                ;
; Auto Resource Sharing                                            ; Off                    ; Off                ;
; Allow Any RAM Size For Recognition                               ; Off                    ; Off                ;
; Allow Any ROM Size For Recognition                               ; Off                    ; Off                ;
; Allow Any Shift Register Size For Recognition                    ; Off                    ; Off                ;
; Use LogicLock Constraints during Resource Balancing              ; On                     ; On                 ;
; Ignore translate_off and synthesis_off directives                ; Off                    ; Off                ;
; Timing-Driven Synthesis                                          ; On                     ; On                 ;
; Report Parameter Settings                                        ; On                     ; On                 ;
; Report Source Assignments                                        ; On                     ; On                 ;
; Report Connectivity Checks                                       ; On                     ; On                 ;
; Ignore Maximum Fan-Out Assignments                               ; Off                    ; Off                ;
; Synchronization Register Chain Length                            ; 2                      ; 2                  ;
; Power Optimization During Synthesis                              ; Normal compilation     ; Normal compilation ;
; HDL message level                                                ; Level2                 ; Level2             ;
; Suppress Register Optimization Related Messages                  ; Off                    ; Off                ;
; Number of Removed Registers Reported in Synthesis Report         ; 5000                   ; 5000               ;
; Number of Swept Nodes Reported in Synthesis Report               ; 5000                   ; 5000               ;
; Number of Inverted Registers Reported in Synthesis Report        ; 100                    ; 100                ;
; Clock MUX Protection                                             ; On                     ; On                 ;
; Auto Gated Clock Conversion                                      ; Off                    ; Off                ;
; Block Design Naming                                              ; Auto                   ; Auto               ;
; SDC constraint protection                                        ; Off                    ; Off                ;
; Synthesis Effort                                                 ; Auto                   ; Auto               ;
; Shift Register Replacement - Allow Asynchronous Clear Signal     ; On                     ; On                 ;
; Pre-Mapping Resynthesis Optimization                             ; Off                    ; Off                ;
; Analysis & Synthesis Message Level                               ; Medium                 ; Medium             ;
; Disable Register Merging Across Hierarchies                      ; Auto                   ; Auto               ;
; Resource Aware Inference For Block RAM                           ; On                     ; On                 ;
+------------------------------------------------------------------+------------------------+--------------------+


+------------------------------------------+
; Parallel Compilation                     ;
+----------------------------+-------------+
; Processors                 ; Number      ;
+----------------------------+-------------+
; Number detected on machine ; 4           ;
; Maximum allowed            ; 2           ;
;                            ;             ;
; Average used               ; 1.00        ;
; Maximum used               ; 1           ;
;                            ;             ;
; Usage by Processor         ; % Time Used ;
;     Processor 1            ; 100.0%      ;
+----------------------------+-------------+


+-------------------------------+
; Analysis & Synthesis Messages ;
+-------------------------------+
Info: *******************************************************************
Info: Running Quartus Prime Analysis & Synthesis
    Info: Version 18.1.0 Build 625 09/12/2018 SJ Lite Edition
    Info: Processing started: Fri Dec 07 22:30:17 2018
Info: Command: quartus_map --read_settings_files=on --write_settings_files=off game -c game
Warning (18236): Number of processors has not been specified which may cause overloading on shared machines.  Set the global assignment NUM_PARALLEL_PROCESSORS in your QSF to an appropriate value for best performance.
Info (20030): Parallel compilation is enabled and will use 2 of the 2 processors detected
Info (12021): Found 2 design units, including 1 entities, in source file altpll0.vhd
    Info (12022): Found design unit 1: altpll0-SYN File: C:/Users/laptop/Desktop/miamibros/altpll0.vhd Line: 54
    Info (12023): Found entity 1: altpll0 File: C:/Users/laptop/Desktop/miamibros/altpll0.vhd Line: 43
Info (12021): Found 2 design units, including 1 entities, in source file game.vhd
    Info (12022): Found design unit 1: vga_with_hw_test_image-bdf_type File: C:/Users/laptop/Desktop/miamibros/game.vhd Line: 52
    Info (12023): Found entity 1: vga_with_hw_test_image File: C:/Users/laptop/Desktop/miamibros/game.vhd Line: 24
Info (12021): Found 2 design units, including 1 entities, in source file vhdl2.vhd
    Info (12022): Found design unit 1: vga_controller-behavior File: C:/Users/laptop/Desktop/miamibros/Vhdl2.vhd Line: 52
    Info (12023): Found entity 1: vga_controller File: C:/Users/laptop/Desktop/miamibros/Vhdl2.vhd Line: 28
Info (12021): Found 2 design units, including 1 entities, in source file vhdl3.vhd
    Info (12022): Found design unit 1: hw_image_generator-behavior File: C:/Users/laptop/Desktop/miamibros/Vhdl3.vhd Line: 65
    Info (12023): Found entity 1: hw_image_generator File: C:/Users/laptop/Desktop/miamibros/Vhdl3.vhd Line: 44
Info (12127): Elaborating entity "vga_with_hw_test_image" for the top level hierarchy
Warning (10541): VHDL Signal Declaration warning at game.vhd(37): used implicit default value for signal "counter_one" because signal was never assigned a value or an explicit default value. Use of implicit default value may introduce unintended design optimizations. File: C:/Users/laptop/Desktop/miamibros/game.vhd Line: 37
Warning (10541): VHDL Signal Declaration warning at game.vhd(41): used implicit default value for signal "game_clkT" because signal was never assigned a value or an explicit default value. Use of implicit default value may introduce unintended design optimizations. File: C:/Users/laptop/Desktop/miamibros/game.vhd Line: 41
Info (12128): Elaborating entity "hw_image_generator" for hierarchy "hw_image_generator:b2v_inst" File: C:/Users/laptop/Desktop/miamibros/game.vhd Line: 122
Warning (10540): VHDL Signal Declaration warning at Vhdl3.vhd(68): used explicit default value for signal "score" because signal was never assigned a value File: C:/Users/laptop/Desktop/miamibros/Vhdl3.vhd Line: 68
Warning (10540): VHDL Signal Declaration warning at Vhdl3.vhd(78): used explicit default value for signal "move2" because signal was never assigned a value File: C:/Users/laptop/Desktop/miamibros/Vhdl3.vhd Line: 78
Warning (10540): VHDL Signal Declaration warning at Vhdl3.vhd(79): used explicit default value for signal "playafoot" because signal was never assigned a value File: C:/Users/laptop/Desktop/miamibros/Vhdl3.vhd Line: 79
Warning (10540): VHDL Signal Declaration warning at Vhdl3.vhd(80): used explicit default value for signal "playahead" because signal was never assigned a value File: C:/Users/laptop/Desktop/miamibros/Vhdl3.vhd Line: 80
Warning (10036): Verilog HDL or VHDL warning at Vhdl3.vhd(85): object "stop" assigned a value but never read File: C:/Users/laptop/Desktop/miamibros/Vhdl3.vhd Line: 85
Warning (10492): VHDL Process Statement warning at Vhdl3.vhd(173): signal "score1" is read inside the Process Statement but isn't in the Process Statement's sensitivity list File: C:/Users/laptop/Desktop/miamibros/Vhdl3.vhd Line: 173
Warning (10492): VHDL Process Statement warning at Vhdl3.vhd(177): signal "score1" is read inside the Process Statement but isn't in the Process Statement's sensitivity list File: C:/Users/laptop/Desktop/miamibros/Vhdl3.vhd Line: 177
Warning (10492): VHDL Process Statement warning at Vhdl3.vhd(180): signal "score1" is read inside the Process Statement but isn't in the Process Statement's sensitivity list File: C:/Users/laptop/Desktop/miamibros/Vhdl3.vhd Line: 180
Warning (10492): VHDL Process Statement warning at Vhdl3.vhd(183): signal "score1" is read inside the Process Statement but isn't in the Process Statement's sensitivity list File: C:/Users/laptop/Desktop/miamibros/Vhdl3.vhd Line: 183
Warning (10492): VHDL Process Statement warning at Vhdl3.vhd(186): signal "score1" is read inside the Process Statement but isn't in the Process Statement's sensitivity list File: C:/Users/laptop/Desktop/miamibros/Vhdl3.vhd Line: 186
Warning (10492): VHDL Process Statement warning at Vhdl3.vhd(189): signal "score1" is read inside the Process Statement but isn't in the Process Statement's sensitivity list File: C:/Users/laptop/Desktop/miamibros/Vhdl3.vhd Line: 189
Warning (10492): VHDL Process Statement warning at Vhdl3.vhd(192): signal "score1" is read inside the Process Statement but isn't in the Process Statement's sensitivity list File: C:/Users/laptop/Desktop/miamibros/Vhdl3.vhd Line: 192
Warning (10492): VHDL Process Statement warning at Vhdl3.vhd(195): signal "score1" is read inside the Process Statement but isn't in the Process Statement's sensitivity list File: C:/Users/laptop/Desktop/miamibros/Vhdl3.vhd Line: 195
Warning (10492): VHDL Process Statement warning at Vhdl3.vhd(198): signal "score1" is read inside the Process Statement but isn't in the Process Statement's sensitivity list File: C:/Users/laptop/Desktop/miamibros/Vhdl3.vhd Line: 198
Warning (10492): VHDL Process Statement warning at Vhdl3.vhd(201): signal "score1" is read inside the Process Statement but isn't in the Process Statement's sensitivity list File: C:/Users/laptop/Desktop/miamibros/Vhdl3.vhd Line: 201
Warning (10492): VHDL Process Statement warning at Vhdl3.vhd(206): signal "score2" is read inside the Process Statement but isn't in the Process Statement's sensitivity list File: C:/Users/laptop/Desktop/miamibros/Vhdl3.vhd Line: 206
Warning (10492): VHDL Process Statement warning at Vhdl3.vhd(209): signal "score2" is read inside the Process Statement but isn't in the Process Statement's sensitivity list File: C:/Users/laptop/Desktop/miamibros/Vhdl3.vhd Line: 209
Warning (10492): VHDL Process Statement warning at Vhdl3.vhd(211): signal "score2" is read inside the Process Statement but isn't in the Process Statement's sensitivity list File: C:/Users/laptop/Desktop/miamibros/Vhdl3.vhd Line: 211
Warning (10492): VHDL Process Statement warning at Vhdl3.vhd(213): signal "score" is read inside the Process Statement but isn't in the Process Statement's sensitivity list File: C:/Users/laptop/Desktop/miamibros/Vhdl3.vhd Line: 213
Warning (10492): VHDL Process Statement warning at Vhdl3.vhd(215): signal "score" is read inside the Process Statement but isn't in the Process Statement's sensitivity list File: C:/Users/laptop/Desktop/miamibros/Vhdl3.vhd Line: 215
Warning (10492): VHDL Process Statement warning at Vhdl3.vhd(217): signal "score" is read inside the Process Statement but isn't in the Process Statement's sensitivity list File: C:/Users/laptop/Desktop/miamibros/Vhdl3.vhd Line: 217
Warning (10492): VHDL Process Statement warning at Vhdl3.vhd(220): signal "score" is read inside the Process Statement but isn't in the Process Statement's sensitivity list File: C:/Users/laptop/Desktop/miamibros/Vhdl3.vhd Line: 220
Warning (10492): VHDL Process Statement warning at Vhdl3.vhd(223): signal "score" is read inside the Process Statement but isn't in the Process Statement's sensitivity list File: C:/Users/laptop/Desktop/miamibros/Vhdl3.vhd Line: 223
Warning (10492): VHDL Process Statement warning at Vhdl3.vhd(225): signal "score" is read inside the Process Statement but isn't in the Process Statement's sensitivity list File: C:/Users/laptop/Desktop/miamibros/Vhdl3.vhd Line: 225
Warning (10492): VHDL Process Statement warning at Vhdl3.vhd(227): signal "score" is read inside the Process Statement but isn't in the Process Statement's sensitivity list File: C:/Users/laptop/Desktop/miamibros/Vhdl3.vhd Line: 227
Warning (10631): VHDL Process Statement warning at Vhdl3.vhd(169): inferring latch(es) for signal or variable "LEDscore", which holds its previous value in one or more paths through the process File: C:/Users/laptop/Desktop/miamibros/Vhdl3.vhd Line: 169
Warning (10631): VHDL Process Statement warning at Vhdl3.vhd(169): inferring latch(es) for signal or variable "LEDscore2", which holds its previous value in one or more paths through the process File: C:/Users/laptop/Desktop/miamibros/Vhdl3.vhd Line: 169
Warning (10492): VHDL Process Statement warning at Vhdl3.vhd(302): signal "gameposition" is read inside the Process Statement but isn't in the Process Statement's sensitivity list File: C:/Users/laptop/Desktop/miamibros/Vhdl3.vhd Line: 302
Warning (10492): VHDL Process Statement warning at Vhdl3.vhd(302): signal "enemymove" is read inside the Process Statement but isn't in the Process Statement's sensitivity list File: C:/Users/laptop/Desktop/miamibros/Vhdl3.vhd Line: 302
Warning (10492): VHDL Process Statement warning at Vhdl3.vhd(304): signal "jump" is read inside the Process Statement but isn't in the Process Statement's sensitivity list File: C:/Users/laptop/Desktop/miamibros/Vhdl3.vhd Line: 304
Warning (10492): VHDL Process Statement warning at Vhdl3.vhd(308): signal "gameposition" is read inside the Process Statement but isn't in the Process Statement's sensitivity list File: C:/Users/laptop/Desktop/miamibros/Vhdl3.vhd Line: 308
Warning (10492): VHDL Process Statement warning at Vhdl3.vhd(308): signal "enemymove" is read inside the Process Statement but isn't in the Process Statement's sensitivity list File: C:/Users/laptop/Desktop/miamibros/Vhdl3.vhd Line: 308
Warning (10492): VHDL Process Statement warning at Vhdl3.vhd(310): signal "jump" is read inside the Process Statement but isn't in the Process Statement's sensitivity list File: C:/Users/laptop/Desktop/miamibros/Vhdl3.vhd Line: 310
Warning (10492): VHDL Process Statement warning at Vhdl3.vhd(314): signal "gameposition" is read inside the Process Statement but isn't in the Process Statement's sensitivity list File: C:/Users/laptop/Desktop/miamibros/Vhdl3.vhd Line: 314
Warning (10492): VHDL Process Statement warning at Vhdl3.vhd(314): signal "enemymove" is read inside the Process Statement but isn't in the Process Statement's sensitivity list File: C:/Users/laptop/Desktop/miamibros/Vhdl3.vhd Line: 314
Warning (10492): VHDL Process Statement warning at Vhdl3.vhd(316): signal "jump" is read inside the Process Statement but isn't in the Process Statement's sensitivity list File: C:/Users/laptop/Desktop/miamibros/Vhdl3.vhd Line: 316
Warning (10492): VHDL Process Statement warning at Vhdl3.vhd(320): signal "gameposition" is read inside the Process Statement but isn't in the Process Statement's sensitivity list File: C:/Users/laptop/Desktop/miamibros/Vhdl3.vhd Line: 320
Warning (10492): VHDL Process Statement warning at Vhdl3.vhd(320): signal "enemymove" is read inside the Process Statement but isn't in the Process Statement's sensitivity list File: C:/Users/laptop/Desktop/miamibros/Vhdl3.vhd Line: 320
Warning (10492): VHDL Process Statement warning at Vhdl3.vhd(322): signal "jump" is read inside the Process Statement but isn't in the Process Statement's sensitivity list File: C:/Users/laptop/Desktop/miamibros/Vhdl3.vhd Line: 322
Warning (10492): VHDL Process Statement warning at Vhdl3.vhd(330): signal "gameposition" is read inside the Process Statement but isn't in the Process Statement's sensitivity list File: C:/Users/laptop/Desktop/miamibros/Vhdl3.vhd Line: 330
Warning (10492): VHDL Process Statement warning at Vhdl3.vhd(330): signal "enemymove" is read inside the Process Statement but isn't in the Process Statement's sensitivity list File: C:/Users/laptop/Desktop/miamibros/Vhdl3.vhd Line: 330
Warning (10492): VHDL Process Statement warning at Vhdl3.vhd(332): signal "jump" is read inside the Process Statement but isn't in the Process Statement's sensitivity list File: C:/Users/laptop/Desktop/miamibros/Vhdl3.vhd Line: 332
Warning (10492): VHDL Process Statement warning at Vhdl3.vhd(336): signal "gameposition" is read inside the Process Statement but isn't in the Process Statement's sensitivity list File: C:/Users/laptop/Desktop/miamibros/Vhdl3.vhd Line: 336
Warning (10492): VHDL Process Statement warning at Vhdl3.vhd(336): signal "enemymove" is read inside the Process Statement but isn't in the Process Statement's sensitivity list File: C:/Users/laptop/Desktop/miamibros/Vhdl3.vhd Line: 336
Warning (10492): VHDL Process Statement warning at Vhdl3.vhd(338): signal "jump" is read inside the Process Statement but isn't in the Process Statement's sensitivity list File: C:/Users/laptop/Desktop/miamibros/Vhdl3.vhd Line: 338
Warning (10492): VHDL Process Statement warning at Vhdl3.vhd(342): signal "gameposition" is read inside the Process Statement but isn't in the Process Statement's sensitivity list File: C:/Users/laptop/Desktop/miamibros/Vhdl3.vhd Line: 342
Warning (10492): VHDL Process Statement warning at Vhdl3.vhd(342): signal "enemymove" is read inside the Process Statement but isn't in the Process Statement's sensitivity list File: C:/Users/laptop/Desktop/miamibros/Vhdl3.vhd Line: 342
Warning (10492): VHDL Process Statement warning at Vhdl3.vhd(344): signal "jump" is read inside the Process Statement but isn't in the Process Statement's sensitivity list File: C:/Users/laptop/Desktop/miamibros/Vhdl3.vhd Line: 344
Warning (10492): VHDL Process Statement warning at Vhdl3.vhd(348): signal "gameposition" is read inside the Process Statement but isn't in the Process Statement's sensitivity list File: C:/Users/laptop/Desktop/miamibros/Vhdl3.vhd Line: 348
Warning (10492): VHDL Process Statement warning at Vhdl3.vhd(348): signal "enemymove" is read inside the Process Statement but isn't in the Process Statement's sensitivity list File: C:/Users/laptop/Desktop/miamibros/Vhdl3.vhd Line: 348
Warning (10492): VHDL Process Statement warning at Vhdl3.vhd(350): signal "jump" is read inside the Process Statement but isn't in the Process Statement's sensitivity list File: C:/Users/laptop/Desktop/miamibros/Vhdl3.vhd Line: 350
Warning (10492): VHDL Process Statement warning at Vhdl3.vhd(358): signal "gameposition" is read inside the Process Statement but isn't in the Process Statement's sensitivity list File: C:/Users/laptop/Desktop/miamibros/Vhdl3.vhd Line: 358
Warning (10492): VHDL Process Statement warning at Vhdl3.vhd(358): signal "enemymove" is read inside the Process Statement but isn't in the Process Statement's sensitivity list File: C:/Users/laptop/Desktop/miamibros/Vhdl3.vhd Line: 358
Warning (10492): VHDL Process Statement warning at Vhdl3.vhd(360): signal "jump" is read inside the Process Statement but isn't in the Process Statement's sensitivity list File: C:/Users/laptop/Desktop/miamibros/Vhdl3.vhd Line: 360
Warning (10492): VHDL Process Statement warning at Vhdl3.vhd(364): signal "gameposition" is read inside the Process Statement but isn't in the Process Statement's sensitivity list File: C:/Users/laptop/Desktop/miamibros/Vhdl3.vhd Line: 364
Warning (10492): VHDL Process Statement warning at Vhdl3.vhd(364): signal "enemymove" is read inside the Process Statement but isn't in the Process Statement's sensitivity list File: C:/Users/laptop/Desktop/miamibros/Vhdl3.vhd Line: 364
Warning (10492): VHDL Process Statement warning at Vhdl3.vhd(366): signal "jump" is read inside the Process Statement but isn't in the Process Statement's sensitivity list File: C:/Users/laptop/Desktop/miamibros/Vhdl3.vhd Line: 366
Warning (10492): VHDL Process Statement warning at Vhdl3.vhd(370): signal "gameposition" is read inside the Process Statement but isn't in the Process Statement's sensitivity list File: C:/Users/laptop/Desktop/miamibros/Vhdl3.vhd Line: 370
Warning (10492): VHDL Process Statement warning at Vhdl3.vhd(370): signal "enemymove" is read inside the Process Statement but isn't in the Process Statement's sensitivity list File: C:/Users/laptop/Desktop/miamibros/Vhdl3.vhd Line: 370
Warning (10492): VHDL Process Statement warning at Vhdl3.vhd(372): signal "jump" is read inside the Process Statement but isn't in the Process Statement's sensitivity list File: C:/Users/laptop/Desktop/miamibros/Vhdl3.vhd Line: 372
Warning (10492): VHDL Process Statement warning at Vhdl3.vhd(376): signal "gameposition" is read inside the Process Statement but isn't in the Process Statement's sensitivity list File: C:/Users/laptop/Desktop/miamibros/Vhdl3.vhd Line: 376
Warning (10492): VHDL Process Statement warning at Vhdl3.vhd(376): signal "enemymove" is read inside the Process Statement but isn't in the Process Statement's sensitivity list File: C:/Users/laptop/Desktop/miamibros/Vhdl3.vhd Line: 376
Warning (10492): VHDL Process Statement warning at Vhdl3.vhd(378): signal "jump" is read inside the Process Statement but isn't in the Process Statement's sensitivity list File: C:/Users/laptop/Desktop/miamibros/Vhdl3.vhd Line: 378
Warning (10492): VHDL Process Statement warning at Vhdl3.vhd(385): signal "gameposition" is read inside the Process Statement but isn't in the Process Statement's sensitivity list File: C:/Users/laptop/Desktop/miamibros/Vhdl3.vhd Line: 385
Warning (10492): VHDL Process Statement warning at Vhdl3.vhd(385): signal "enemymove" is read inside the Process Statement but isn't in the Process Statement's sensitivity list File: C:/Users/laptop/Desktop/miamibros/Vhdl3.vhd Line: 385
Warning (10492): VHDL Process Statement warning at Vhdl3.vhd(387): signal "jump" is read inside the Process Statement but isn't in the Process Statement's sensitivity list File: C:/Users/laptop/Desktop/miamibros/Vhdl3.vhd Line: 387
Warning (10492): VHDL Process Statement warning at Vhdl3.vhd(391): signal "gameposition" is read inside the Process Statement but isn't in the Process Statement's sensitivity list File: C:/Users/laptop/Desktop/miamibros/Vhdl3.vhd Line: 391
Warning (10492): VHDL Process Statement warning at Vhdl3.vhd(391): signal "enemymove" is read inside the Process Statement but isn't in the Process Statement's sensitivity list File: C:/Users/laptop/Desktop/miamibros/Vhdl3.vhd Line: 391
Warning (10492): VHDL Process Statement warning at Vhdl3.vhd(393): signal "jump" is read inside the Process Statement but isn't in the Process Statement's sensitivity list File: C:/Users/laptop/Desktop/miamibros/Vhdl3.vhd Line: 393
Warning (10492): VHDL Process Statement warning at Vhdl3.vhd(397): signal "gameposition" is read inside the Process Statement but isn't in the Process Statement's sensitivity list File: C:/Users/laptop/Desktop/miamibros/Vhdl3.vhd Line: 397
Warning (10492): VHDL Process Statement warning at Vhdl3.vhd(397): signal "enemymove" is read inside the Process Statement but isn't in the Process Statement's sensitivity list File: C:/Users/laptop/Desktop/miamibros/Vhdl3.vhd Line: 397
Warning (10492): VHDL Process Statement warning at Vhdl3.vhd(399): signal "jump" is read inside the Process Statement but isn't in the Process Statement's sensitivity list File: C:/Users/laptop/Desktop/miamibros/Vhdl3.vhd Line: 399
Warning (10492): VHDL Process Statement warning at Vhdl3.vhd(403): signal "gameposition" is read inside the Process Statement but isn't in the Process Statement's sensitivity list File: C:/Users/laptop/Desktop/miamibros/Vhdl3.vhd Line: 403
Warning (10492): VHDL Process Statement warning at Vhdl3.vhd(403): signal "enemymove" is read inside the Process Statement but isn't in the Process Statement's sensitivity list File: C:/Users/laptop/Desktop/miamibros/Vhdl3.vhd Line: 403
Warning (10492): VHDL Process Statement warning at Vhdl3.vhd(405): signal "jump" is read inside the Process Statement but isn't in the Process Statement's sensitivity list File: C:/Users/laptop/Desktop/miamibros/Vhdl3.vhd Line: 405
Warning (10492): VHDL Process Statement warning at Vhdl3.vhd(412): signal "gameposition" is read inside the Process Statement but isn't in the Process Statement's sensitivity list File: C:/Users/laptop/Desktop/miamibros/Vhdl3.vhd Line: 412
Warning (10492): VHDL Process Statement warning at Vhdl3.vhd(412): signal "enemymove" is read inside the Process Statement but isn't in the Process Statement's sensitivity list File: C:/Users/laptop/Desktop/miamibros/Vhdl3.vhd Line: 412
Warning (10492): VHDL Process Statement warning at Vhdl3.vhd(414): signal "jump" is read inside the Process Statement but isn't in the Process Statement's sensitivity list File: C:/Users/laptop/Desktop/miamibros/Vhdl3.vhd Line: 414
Warning (10492): VHDL Process Statement warning at Vhdl3.vhd(418): signal "gameposition" is read inside the Process Statement but isn't in the Process Statement's sensitivity list File: C:/Users/laptop/Desktop/miamibros/Vhdl3.vhd Line: 418
Warning (10492): VHDL Process Statement warning at Vhdl3.vhd(418): signal "enemymove" is read inside the Process Statement but isn't in the Process Statement's sensitivity list File: C:/Users/laptop/Desktop/miamibros/Vhdl3.vhd Line: 418
Warning (10492): VHDL Process Statement warning at Vhdl3.vhd(420): signal "jump" is read inside the Process Statement but isn't in the Process Statement's sensitivity list File: C:/Users/laptop/Desktop/miamibros/Vhdl3.vhd Line: 420
Warning (10492): VHDL Process Statement warning at Vhdl3.vhd(424): signal "gameposition" is read inside the Process Statement but isn't in the Process Statement's sensitivity list File: C:/Users/laptop/Desktop/miamibros/Vhdl3.vhd Line: 424
Warning (10492): VHDL Process Statement warning at Vhdl3.vhd(424): signal "enemymove" is read inside the Process Statement but isn't in the Process Statement's sensitivity list File: C:/Users/laptop/Desktop/miamibros/Vhdl3.vhd Line: 424
Warning (10492): VHDL Process Statement warning at Vhdl3.vhd(426): signal "jump" is read inside the Process Statement but isn't in the Process Statement's sensitivity list File: C:/Users/laptop/Desktop/miamibros/Vhdl3.vhd Line: 426
Warning (10492): VHDL Process Statement warning at Vhdl3.vhd(430): signal "gameposition" is read inside the Process Statement but isn't in the Process Statement's sensitivity list File: C:/Users/laptop/Desktop/miamibros/Vhdl3.vhd Line: 430
Warning (10492): VHDL Process Statement warning at Vhdl3.vhd(430): signal "enemymove" is read inside the Process Statement but isn't in the Process Statement's sensitivity list File: C:/Users/laptop/Desktop/miamibros/Vhdl3.vhd Line: 430
Warning (10492): VHDL Process Statement warning at Vhdl3.vhd(432): signal "jump" is read inside the Process Statement but isn't in the Process Statement's sensitivity list File: C:/Users/laptop/Desktop/miamibros/Vhdl3.vhd Line: 432
Warning (10492): VHDL Process Statement warning at Vhdl3.vhd(439): signal "gameposition" is read inside the Process Statement but isn't in the Process Statement's sensitivity list File: C:/Users/laptop/Desktop/miamibros/Vhdl3.vhd Line: 439
Warning (10492): VHDL Process Statement warning at Vhdl3.vhd(439): signal "enemymove" is read inside the Process Statement but isn't in the Process Statement's sensitivity list File: C:/Users/laptop/Desktop/miamibros/Vhdl3.vhd Line: 439
Warning (10492): VHDL Process Statement warning at Vhdl3.vhd(441): signal "jump" is read inside the Process Statement but isn't in the Process Statement's sensitivity list File: C:/Users/laptop/Desktop/miamibros/Vhdl3.vhd Line: 441
Warning (10492): VHDL Process Statement warning at Vhdl3.vhd(445): signal "gameposition" is read inside the Process Statement but isn't in the Process Statement's sensitivity list File: C:/Users/laptop/Desktop/miamibros/Vhdl3.vhd Line: 445
Warning (10492): VHDL Process Statement warning at Vhdl3.vhd(445): signal "enemymove" is read inside the Process Statement but isn't in the Process Statement's sensitivity list File: C:/Users/laptop/Desktop/miamibros/Vhdl3.vhd Line: 445
Warning (10492): VHDL Process Statement warning at Vhdl3.vhd(447): signal "jump" is read inside the Process Statement but isn't in the Process Statement's sensitivity list File: C:/Users/laptop/Desktop/miamibros/Vhdl3.vhd Line: 447
Warning (10492): VHDL Process Statement warning at Vhdl3.vhd(451): signal "gameposition" is read inside the Process Statement but isn't in the Process Statement's sensitivity list File: C:/Users/laptop/Desktop/miamibros/Vhdl3.vhd Line: 451
Warning (10492): VHDL Process Statement warning at Vhdl3.vhd(451): signal "enemymove" is read inside the Process Statement but isn't in the Process Statement's sensitivity list File: C:/Users/laptop/Desktop/miamibros/Vhdl3.vhd Line: 451
Warning (10492): VHDL Process Statement warning at Vhdl3.vhd(453): signal "jump" is read inside the Process Statement but isn't in the Process Statement's sensitivity list File: C:/Users/laptop/Desktop/miamibros/Vhdl3.vhd Line: 453
Warning (10492): VHDL Process Statement warning at Vhdl3.vhd(457): signal "gameposition" is read inside the Process Statement but isn't in the Process Statement's sensitivity list File: C:/Users/laptop/Desktop/miamibros/Vhdl3.vhd Line: 457
Warning (10492): VHDL Process Statement warning at Vhdl3.vhd(457): signal "enemymove" is read inside the Process Statement but isn't in the Process Statement's sensitivity list File: C:/Users/laptop/Desktop/miamibros/Vhdl3.vhd Line: 457
Warning (10492): VHDL Process Statement warning at Vhdl3.vhd(459): signal "jump" is read inside the Process Statement but isn't in the Process Statement's sensitivity list File: C:/Users/laptop/Desktop/miamibros/Vhdl3.vhd Line: 459
Warning (10492): VHDL Process Statement warning at Vhdl3.vhd(466): signal "gameposition" is read inside the Process Statement but isn't in the Process Statement's sensitivity list File: C:/Users/laptop/Desktop/miamibros/Vhdl3.vhd Line: 466
Warning (10492): VHDL Process Statement warning at Vhdl3.vhd(466): signal "enemymove" is read inside the Process Statement but isn't in the Process Statement's sensitivity list File: C:/Users/laptop/Desktop/miamibros/Vhdl3.vhd Line: 466
Warning (10492): VHDL Process Statement warning at Vhdl3.vhd(468): signal "jump" is read inside the Process Statement but isn't in the Process Statement's sensitivity list File: C:/Users/laptop/Desktop/miamibros/Vhdl3.vhd Line: 468
Warning (10492): VHDL Process Statement warning at Vhdl3.vhd(472): signal "gameposition" is read inside the Process Statement but isn't in the Process Statement's sensitivity list File: C:/Users/laptop/Desktop/miamibros/Vhdl3.vhd Line: 472
Warning (10492): VHDL Process Statement warning at Vhdl3.vhd(472): signal "enemymove" is read inside the Process Statement but isn't in the Process Statement's sensitivity list File: C:/Users/laptop/Desktop/miamibros/Vhdl3.vhd Line: 472
Warning (10492): VHDL Process Statement warning at Vhdl3.vhd(474): signal "jump" is read inside the Process Statement but isn't in the Process Statement's sensitivity list File: C:/Users/laptop/Desktop/miamibros/Vhdl3.vhd Line: 474
Warning (10492): VHDL Process Statement warning at Vhdl3.vhd(478): signal "gameposition" is read inside the Process Statement but isn't in the Process Statement's sensitivity list File: C:/Users/laptop/Desktop/miamibros/Vhdl3.vhd Line: 478
Warning (10492): VHDL Process Statement warning at Vhdl3.vhd(478): signal "enemymove" is read inside the Process Statement but isn't in the Process Statement's sensitivity list File: C:/Users/laptop/Desktop/miamibros/Vhdl3.vhd Line: 478
Warning (10492): VHDL Process Statement warning at Vhdl3.vhd(480): signal "jump" is read inside the Process Statement but isn't in the Process Statement's sensitivity list File: C:/Users/laptop/Desktop/miamibros/Vhdl3.vhd Line: 480
Warning (10492): VHDL Process Statement warning at Vhdl3.vhd(483): signal "gameposition" is read inside the Process Statement but isn't in the Process Statement's sensitivity list File: C:/Users/laptop/Desktop/miamibros/Vhdl3.vhd Line: 483
Warning (10492): VHDL Process Statement warning at Vhdl3.vhd(483): signal "enemymove" is read inside the Process Statement but isn't in the Process Statement's sensitivity list File: C:/Users/laptop/Desktop/miamibros/Vhdl3.vhd Line: 483
Warning (10492): VHDL Process Statement warning at Vhdl3.vhd(485): signal "jump" is read inside the Process Statement but isn't in the Process Statement's sensitivity list File: C:/Users/laptop/Desktop/miamibros/Vhdl3.vhd Line: 485
Warning (10492): VHDL Process Statement warning at Vhdl3.vhd(492): signal "gameposition" is read inside the Process Statement but isn't in the Process Statement's sensitivity list File: C:/Users/laptop/Desktop/miamibros/Vhdl3.vhd Line: 492
Warning (10492): VHDL Process Statement warning at Vhdl3.vhd(492): signal "enemymove" is read inside the Process Statement but isn't in the Process Statement's sensitivity list File: C:/Users/laptop/Desktop/miamibros/Vhdl3.vhd Line: 492
Warning (10492): VHDL Process Statement warning at Vhdl3.vhd(494): signal "jump" is read inside the Process Statement but isn't in the Process Statement's sensitivity list File: C:/Users/laptop/Desktop/miamibros/Vhdl3.vhd Line: 494
Warning (10492): VHDL Process Statement warning at Vhdl3.vhd(498): signal "gameposition" is read inside the Process Statement but isn't in the Process Statement's sensitivity list File: C:/Users/laptop/Desktop/miamibros/Vhdl3.vhd Line: 498
Warning (10492): VHDL Process Statement warning at Vhdl3.vhd(498): signal "enemymove" is read inside the Process Statement but isn't in the Process Statement's sensitivity list File: C:/Users/laptop/Desktop/miamibros/Vhdl3.vhd Line: 498
Warning (10492): VHDL Process Statement warning at Vhdl3.vhd(500): signal "jump" is read inside the Process Statement but isn't in the Process Statement's sensitivity list File: C:/Users/laptop/Desktop/miamibros/Vhdl3.vhd Line: 500
Warning (10492): VHDL Process Statement warning at Vhdl3.vhd(504): signal "gameposition" is read inside the Process Statement but isn't in the Process Statement's sensitivity list File: C:/Users/laptop/Desktop/miamibros/Vhdl3.vhd Line: 504
Warning (10492): VHDL Process Statement warning at Vhdl3.vhd(504): signal "enemymove" is read inside the Process Statement but isn't in the Process Statement's sensitivity list File: C:/Users/laptop/Desktop/miamibros/Vhdl3.vhd Line: 504
Warning (10492): VHDL Process Statement warning at Vhdl3.vhd(506): signal "jump" is read inside the Process Statement but isn't in the Process Statement's sensitivity list File: C:/Users/laptop/Desktop/miamibros/Vhdl3.vhd Line: 506
Warning (10492): VHDL Process Statement warning at Vhdl3.vhd(510): signal "gameposition" is read inside the Process Statement but isn't in the Process Statement's sensitivity list File: C:/Users/laptop/Desktop/miamibros/Vhdl3.vhd Line: 510
Warning (10492): VHDL Process Statement warning at Vhdl3.vhd(510): signal "enemymove" is read inside the Process Statement but isn't in the Process Statement's sensitivity list File: C:/Users/laptop/Desktop/miamibros/Vhdl3.vhd Line: 510
Warning (10492): VHDL Process Statement warning at Vhdl3.vhd(512): signal "jump" is read inside the Process Statement but isn't in the Process Statement's sensitivity list File: C:/Users/laptop/Desktop/miamibros/Vhdl3.vhd Line: 512
Warning (10492): VHDL Process Statement warning at Vhdl3.vhd(519): signal "gameposition" is read inside the Process Statement but isn't in the Process Statement's sensitivity list File: C:/Users/laptop/Desktop/miamibros/Vhdl3.vhd Line: 519
Warning (10492): VHDL Process Statement warning at Vhdl3.vhd(519): signal "enemymove" is read inside the Process Statement but isn't in the Process Statement's sensitivity list File: C:/Users/laptop/Desktop/miamibros/Vhdl3.vhd Line: 519
Warning (10492): VHDL Process Statement warning at Vhdl3.vhd(521): signal "jump" is read inside the Process Statement but isn't in the Process Statement's sensitivity list File: C:/Users/laptop/Desktop/miamibros/Vhdl3.vhd Line: 521
Warning (10492): VHDL Process Statement warning at Vhdl3.vhd(525): signal "gameposition" is read inside the Process Statement but isn't in the Process Statement's sensitivity list File: C:/Users/laptop/Desktop/miamibros/Vhdl3.vhd Line: 525
Warning (10492): VHDL Process Statement warning at Vhdl3.vhd(525): signal "enemymove" is read inside the Process Statement but isn't in the Process Statement's sensitivity list File: C:/Users/laptop/Desktop/miamibros/Vhdl3.vhd Line: 525
Warning (10492): VHDL Process Statement warning at Vhdl3.vhd(527): signal "jump" is read inside the Process Statement but isn't in the Process Statement's sensitivity list File: C:/Users/laptop/Desktop/miamibros/Vhdl3.vhd Line: 527
Warning (10492): VHDL Process Statement warning at Vhdl3.vhd(531): signal "gameposition" is read inside the Process Statement but isn't in the Process Statement's sensitivity list File: C:/Users/laptop/Desktop/miamibros/Vhdl3.vhd Line: 531
Warning (10492): VHDL Process Statement warning at Vhdl3.vhd(531): signal "enemymove" is read inside the Process Statement but isn't in the Process Statement's sensitivity list File: C:/Users/laptop/Desktop/miamibros/Vhdl3.vhd Line: 531
Warning (10492): VHDL Process Statement warning at Vhdl3.vhd(533): signal "jump" is read inside the Process Statement but isn't in the Process Statement's sensitivity list File: C:/Users/laptop/Desktop/miamibros/Vhdl3.vhd Line: 533
Warning (10492): VHDL Process Statement warning at Vhdl3.vhd(537): signal "gameposition" is read inside the Process Statement but isn't in the Process Statement's sensitivity list File: C:/Users/laptop/Desktop/miamibros/Vhdl3.vhd Line: 537
Warning (10492): VHDL Process Statement warning at Vhdl3.vhd(537): signal "enemymove" is read inside the Process Statement but isn't in the Process Statement's sensitivity list File: C:/Users/laptop/Desktop/miamibros/Vhdl3.vhd Line: 537
Warning (10492): VHDL Process Statement warning at Vhdl3.vhd(539): signal "jump" is read inside the Process Statement but isn't in the Process Statement's sensitivity list File: C:/Users/laptop/Desktop/miamibros/Vhdl3.vhd Line: 539
Warning (10492): VHDL Process Statement warning at Vhdl3.vhd(546): signal "gameposition" is read inside the Process Statement but isn't in the Process Statement's sensitivity list File: C:/Users/laptop/Desktop/miamibros/Vhdl3.vhd Line: 546
Warning (10492): VHDL Process Statement warning at Vhdl3.vhd(546): signal "enemymove" is read inside the Process Statement but isn't in the Process Statement's sensitivity list File: C:/Users/laptop/Desktop/miamibros/Vhdl3.vhd Line: 546
Warning (10492): VHDL Process Statement warning at Vhdl3.vhd(548): signal "jump" is read inside the Process Statement but isn't in the Process Statement's sensitivity list File: C:/Users/laptop/Desktop/miamibros/Vhdl3.vhd Line: 548
Warning (10492): VHDL Process Statement warning at Vhdl3.vhd(552): signal "gameposition" is read inside the Process Statement but isn't in the Process Statement's sensitivity list File: C:/Users/laptop/Desktop/miamibros/Vhdl3.vhd Line: 552
Warning (10492): VHDL Process Statement warning at Vhdl3.vhd(552): signal "enemymove" is read inside the Process Statement but isn't in the Process Statement's sensitivity list File: C:/Users/laptop/Desktop/miamibros/Vhdl3.vhd Line: 552
Warning (10492): VHDL Process Statement warning at Vhdl3.vhd(554): signal "jump" is read inside the Process Statement but isn't in the Process Statement's sensitivity list File: C:/Users/laptop/Desktop/miamibros/Vhdl3.vhd Line: 554
Warning (10492): VHDL Process Statement warning at Vhdl3.vhd(557): signal "gameposition" is read inside the Process Statement but isn't in the Process Statement's sensitivity list File: C:/Users/laptop/Desktop/miamibros/Vhdl3.vhd Line: 557
Warning (10492): VHDL Process Statement warning at Vhdl3.vhd(557): signal "enemymove" is read inside the Process Statement but isn't in the Process Statement's sensitivity list File: C:/Users/laptop/Desktop/miamibros/Vhdl3.vhd Line: 557
Warning (10492): VHDL Process Statement warning at Vhdl3.vhd(559): signal "jump" is read inside the Process Statement but isn't in the Process Statement's sensitivity list File: C:/Users/laptop/Desktop/miamibros/Vhdl3.vhd Line: 559
Warning (10492): VHDL Process Statement warning at Vhdl3.vhd(563): signal "gameposition" is read inside the Process Statement but isn't in the Process Statement's sensitivity list File: C:/Users/laptop/Desktop/miamibros/Vhdl3.vhd Line: 563
Warning (10492): VHDL Process Statement warning at Vhdl3.vhd(563): signal "enemymove" is read inside the Process Statement but isn't in the Process Statement's sensitivity list File: C:/Users/laptop/Desktop/miamibros/Vhdl3.vhd Line: 563
Warning (10492): VHDL Process Statement warning at Vhdl3.vhd(565): signal "jump" is read inside the Process Statement but isn't in the Process Statement's sensitivity list File: C:/Users/laptop/Desktop/miamibros/Vhdl3.vhd Line: 565
Warning (10492): VHDL Process Statement warning at Vhdl3.vhd(572): signal "gameposition" is read inside the Process Statement but isn't in the Process Statement's sensitivity list File: C:/Users/laptop/Desktop/miamibros/Vhdl3.vhd Line: 572
Warning (10492): VHDL Process Statement warning at Vhdl3.vhd(572): signal "enemymove" is read inside the Process Statement but isn't in the Process Statement's sensitivity list File: C:/Users/laptop/Desktop/miamibros/Vhdl3.vhd Line: 572
Warning (10492): VHDL Process Statement warning at Vhdl3.vhd(574): signal "jump" is read inside the Process Statement but isn't in the Process Statement's sensitivity list File: C:/Users/laptop/Desktop/miamibros/Vhdl3.vhd Line: 574
Warning (10492): VHDL Process Statement warning at Vhdl3.vhd(578): signal "gameposition" is read inside the Process Statement but isn't in the Process Statement's sensitivity list File: C:/Users/laptop/Desktop/miamibros/Vhdl3.vhd Line: 578
Warning (10492): VHDL Process Statement warning at Vhdl3.vhd(578): signal "enemymove" is read inside the Process Statement but isn't in the Process Statement's sensitivity list File: C:/Users/laptop/Desktop/miamibros/Vhdl3.vhd Line: 578
Warning (10492): VHDL Process Statement warning at Vhdl3.vhd(580): signal "jump" is read inside the Process Statement but isn't in the Process Statement's sensitivity list File: C:/Users/laptop/Desktop/miamibros/Vhdl3.vhd Line: 580
Warning (10492): VHDL Process Statement warning at Vhdl3.vhd(584): signal "gameposition" is read inside the Process Statement but isn't in the Process Statement's sensitivity list File: C:/Users/laptop/Desktop/miamibros/Vhdl3.vhd Line: 584
Warning (10492): VHDL Process Statement warning at Vhdl3.vhd(584): signal "enemymove" is read inside the Process Statement but isn't in the Process Statement's sensitivity list File: C:/Users/laptop/Desktop/miamibros/Vhdl3.vhd Line: 584
Warning (10492): VHDL Process Statement warning at Vhdl3.vhd(586): signal "jump" is read inside the Process Statement but isn't in the Process Statement's sensitivity list File: C:/Users/laptop/Desktop/miamibros/Vhdl3.vhd Line: 586
Warning (10492): VHDL Process Statement warning at Vhdl3.vhd(590): signal "gameposition" is read inside the Process Statement but isn't in the Process Statement's sensitivity list File: C:/Users/laptop/Desktop/miamibros/Vhdl3.vhd Line: 590
Warning (10492): VHDL Process Statement warning at Vhdl3.vhd(590): signal "enemymove" is read inside the Process Statement but isn't in the Process Statement's sensitivity list File: C:/Users/laptop/Desktop/miamibros/Vhdl3.vhd Line: 590
Warning (10492): VHDL Process Statement warning at Vhdl3.vhd(592): signal "jump" is read inside the Process Statement but isn't in the Process Statement's sensitivity list File: C:/Users/laptop/Desktop/miamibros/Vhdl3.vhd Line: 592
Warning (10492): VHDL Process Statement warning at Vhdl3.vhd(606): signal "clk" is read inside the Process Statement but isn't in the Process Statement's sensitivity list File: C:/Users/laptop/Desktop/miamibros/Vhdl3.vhd Line: 606
Warning (10492): VHDL Process Statement warning at Vhdl3.vhd(615): signal "clk" is read inside the Process Statement but isn't in the Process Statement's sensitivity list File: C:/Users/laptop/Desktop/miamibros/Vhdl3.vhd Line: 615
Warning (10542): VHDL Variable Declaration warning at Vhdl3.vhd(729): used initial value expression for variable "brickhoriz" because variable was never assigned a value File: C:/Users/laptop/Desktop/miamibros/Vhdl3.vhd Line: 729
Warning (10542): VHDL Variable Declaration warning at Vhdl3.vhd(730): used initial value expression for variable "brickhoriz2" because variable was never assigned a value File: C:/Users/laptop/Desktop/miamibros/Vhdl3.vhd Line: 730
Warning (10492): VHDL Process Statement warning at Vhdl3.vhd(756): signal "playafoot" is read inside the Process Statement but isn't in the Process Statement's sensitivity list File: C:/Users/laptop/Desktop/miamibros/Vhdl3.vhd Line: 756
Warning (10492): VHDL Process Statement warning at Vhdl3.vhd(756): signal "jump" is read inside the Process Statement but isn't in the Process Statement's sensitivity list File: C:/Users/laptop/Desktop/miamibros/Vhdl3.vhd Line: 756
Warning (10492): VHDL Process Statement warning at Vhdl3.vhd(756): signal "playahead" is read inside the Process Statement but isn't in the Process Statement's sensitivity list File: C:/Users/laptop/Desktop/miamibros/Vhdl3.vhd Line: 756
Warning (10492): VHDL Process Statement warning at Vhdl3.vhd(769): signal "enemymove" is read inside the Process Statement but isn't in the Process Statement's sensitivity list File: C:/Users/laptop/Desktop/miamibros/Vhdl3.vhd Line: 769
Warning (10492): VHDL Process Statement warning at Vhdl3.vhd(782): signal "enemymove" is read inside the Process Statement but isn't in the Process Statement's sensitivity list File: C:/Users/laptop/Desktop/miamibros/Vhdl3.vhd Line: 782
Warning (10492): VHDL Process Statement warning at Vhdl3.vhd(794): signal "enemymove" is read inside the Process Statement but isn't in the Process Statement's sensitivity list File: C:/Users/laptop/Desktop/miamibros/Vhdl3.vhd Line: 794
Warning (10492): VHDL Process Statement warning at Vhdl3.vhd(806): signal "enemymove" is read inside the Process Statement but isn't in the Process Statement's sensitivity list File: C:/Users/laptop/Desktop/miamibros/Vhdl3.vhd Line: 806
Warning (10492): VHDL Process Statement warning at Vhdl3.vhd(820): signal "enemymove" is read inside the Process Statement but isn't in the Process Statement's sensitivity list File: C:/Users/laptop/Desktop/miamibros/Vhdl3.vhd Line: 820
Warning (10492): VHDL Process Statement warning at Vhdl3.vhd(834): signal "enemymove" is read inside the Process Statement but isn't in the Process Statement's sensitivity list File: C:/Users/laptop/Desktop/miamibros/Vhdl3.vhd Line: 834
Warning (10492): VHDL Process Statement warning at Vhdl3.vhd(848): signal "enemymove" is read inside the Process Statement but isn't in the Process Statement's sensitivity list File: C:/Users/laptop/Desktop/miamibros/Vhdl3.vhd Line: 848
Warning (10492): VHDL Process Statement warning at Vhdl3.vhd(862): signal "enemymove" is read inside the Process Statement but isn't in the Process Statement's sensitivity list File: C:/Users/laptop/Desktop/miamibros/Vhdl3.vhd Line: 862
Warning (10492): VHDL Process Statement warning at Vhdl3.vhd(876): signal "enemymove" is read inside the Process Statement but isn't in the Process Statement's sensitivity list File: C:/Users/laptop/Desktop/miamibros/Vhdl3.vhd Line: 876
Warning (10492): VHDL Process Statement warning at Vhdl3.vhd(890): signal "enemymove" is read inside the Process Statement but isn't in the Process Statement's sensitivity list File: C:/Users/laptop/Desktop/miamibros/Vhdl3.vhd Line: 890
Warning (10492): VHDL Process Statement warning at Vhdl3.vhd(904): signal "enemymove" is read inside the Process Statement but isn't in the Process Statement's sensitivity list File: C:/Users/laptop/Desktop/miamibros/Vhdl3.vhd Line: 904
Warning (10492): VHDL Process Statement warning at Vhdl3.vhd(992): signal "move2" is read inside the Process Statement but isn't in the Process Statement's sensitivity list File: C:/Users/laptop/Desktop/miamibros/Vhdl3.vhd Line: 992
Warning (10492): VHDL Process Statement warning at Vhdl3.vhd(1004): signal "move2" is read inside the Process Statement but isn't in the Process Statement's sensitivity list File: C:/Users/laptop/Desktop/miamibros/Vhdl3.vhd Line: 1004
Warning (10492): VHDL Process Statement warning at Vhdl3.vhd(1021): signal "brickline0move" is read inside the Process Statement but isn't in the Process Statement's sensitivity list File: C:/Users/laptop/Desktop/miamibros/Vhdl3.vhd Line: 1021
Warning (10492): VHDL Process Statement warning at Vhdl3.vhd(1034): signal "brickline1move" is read inside the Process Statement but isn't in the Process Statement's sensitivity list File: C:/Users/laptop/Desktop/miamibros/Vhdl3.vhd Line: 1034
Warning (10492): VHDL Process Statement warning at Vhdl3.vhd(1047): signal "brickline2move" is read inside the Process Statement but isn't in the Process Statement's sensitivity list File: C:/Users/laptop/Desktop/miamibros/Vhdl3.vhd Line: 1047
Warning (10492): VHDL Process Statement warning at Vhdl3.vhd(1060): signal "brickline3move" is read inside the Process Statement but isn't in the Process Statement's sensitivity list File: C:/Users/laptop/Desktop/miamibros/Vhdl3.vhd Line: 1060
Warning (10492): VHDL Process Statement warning at Vhdl3.vhd(1073): signal "brickline4move" is read inside the Process Statement but isn't in the Process Statement's sensitivity list File: C:/Users/laptop/Desktop/miamibros/Vhdl3.vhd Line: 1073
Warning (10492): VHDL Process Statement warning at Vhdl3.vhd(1086): signal "brickline5move" is read inside the Process Statement but isn't in the Process Statement's sensitivity list File: C:/Users/laptop/Desktop/miamibros/Vhdl3.vhd Line: 1086
Warning (10492): VHDL Process Statement warning at Vhdl3.vhd(1099): signal "brickline6move" is read inside the Process Statement but isn't in the Process Statement's sensitivity list File: C:/Users/laptop/Desktop/miamibros/Vhdl3.vhd Line: 1099
Warning (10492): VHDL Process Statement warning at Vhdl3.vhd(1112): signal "brickline7move" is read inside the Process Statement but isn't in the Process Statement's sensitivity list File: C:/Users/laptop/Desktop/miamibros/Vhdl3.vhd Line: 1112
Warning (10492): VHDL Process Statement warning at Vhdl3.vhd(1125): signal "brickline8move" is read inside the Process Statement but isn't in the Process Statement's sensitivity list File: C:/Users/laptop/Desktop/miamibros/Vhdl3.vhd Line: 1125
Warning (10492): VHDL Process Statement warning at Vhdl3.vhd(1138): signal "brickline9move" is read inside the Process Statement but isn't in the Process Statement's sensitivity list File: C:/Users/laptop/Desktop/miamibros/Vhdl3.vhd Line: 1138
Warning (10492): VHDL Process Statement warning at Vhdl3.vhd(1151): signal "brickline10move" is read inside the Process Statement but isn't in the Process Statement's sensitivity list File: C:/Users/laptop/Desktop/miamibros/Vhdl3.vhd Line: 1151
Warning (10492): VHDL Process Statement warning at Vhdl3.vhd(1164): signal "brickline11move" is read inside the Process Statement but isn't in the Process Statement's sensitivity list File: C:/Users/laptop/Desktop/miamibros/Vhdl3.vhd Line: 1164
Warning (10492): VHDL Process Statement warning at Vhdl3.vhd(1177): signal "brickline12move" is read inside the Process Statement but isn't in the Process Statement's sensitivity list File: C:/Users/laptop/Desktop/miamibros/Vhdl3.vhd Line: 1177
Warning (10492): VHDL Process Statement warning at Vhdl3.vhd(1190): signal "brickline13move" is read inside the Process Statement but isn't in the Process Statement's sensitivity list File: C:/Users/laptop/Desktop/miamibros/Vhdl3.vhd Line: 1190
Warning (10492): VHDL Process Statement warning at Vhdl3.vhd(1203): signal "brickline14move" is read inside the Process Statement but isn't in the Process Statement's sensitivity list File: C:/Users/laptop/Desktop/miamibros/Vhdl3.vhd Line: 1203
Warning (10492): VHDL Process Statement warning at Vhdl3.vhd(1216): signal "brickline15move" is read inside the Process Statement but isn't in the Process Statement's sensitivity list File: C:/Users/laptop/Desktop/miamibros/Vhdl3.vhd Line: 1216
Warning (10492): VHDL Process Statement warning at Vhdl3.vhd(1229): signal "brickline16move" is read inside the Process Statement but isn't in the Process Statement's sensitivity list File: C:/Users/laptop/Desktop/miamibros/Vhdl3.vhd Line: 1229
Warning (10492): VHDL Process Statement warning at Vhdl3.vhd(1242): signal "brickline17move" is read inside the Process Statement but isn't in the Process Statement's sensitivity list File: C:/Users/laptop/Desktop/miamibros/Vhdl3.vhd Line: 1242
Warning (10492): VHDL Process Statement warning at Vhdl3.vhd(1255): signal "brickline18move" is read inside the Process Statement but isn't in the Process Statement's sensitivity list File: C:/Users/laptop/Desktop/miamibros/Vhdl3.vhd Line: 1255
Warning (10492): VHDL Process Statement warning at Vhdl3.vhd(1267): signal "brickline20move" is read inside the Process Statement but isn't in the Process Statement's sensitivity list File: C:/Users/laptop/Desktop/miamibros/Vhdl3.vhd Line: 1267
Warning (10492): VHDL Process Statement warning at Vhdl3.vhd(1275): signal "brickline19move" is read inside the Process Statement but isn't in the Process Statement's sensitivity list File: C:/Users/laptop/Desktop/miamibros/Vhdl3.vhd Line: 1275
Warning (10492): VHDL Process Statement warning at Vhdl3.vhd(1287): signal "brickline20move" is read inside the Process Statement but isn't in the Process Statement's sensitivity list File: C:/Users/laptop/Desktop/miamibros/Vhdl3.vhd Line: 1287
Warning (10492): VHDL Process Statement warning at Vhdl3.vhd(1311): signal "brickline0move" is read inside the Process Statement but isn't in the Process Statement's sensitivity list File: C:/Users/laptop/Desktop/miamibros/Vhdl3.vhd Line: 1311
Warning (10492): VHDL Process Statement warning at Vhdl3.vhd(1324): signal "brickline1move" is read inside the Process Statement but isn't in the Process Statement's sensitivity list File: C:/Users/laptop/Desktop/miamibros/Vhdl3.vhd Line: 1324
Warning (10492): VHDL Process Statement warning at Vhdl3.vhd(1337): signal "brickline2move" is read inside the Process Statement but isn't in the Process Statement's sensitivity list File: C:/Users/laptop/Desktop/miamibros/Vhdl3.vhd Line: 1337
Warning (10492): VHDL Process Statement warning at Vhdl3.vhd(1350): signal "brickline3move" is read inside the Process Statement but isn't in the Process Statement's sensitivity list File: C:/Users/laptop/Desktop/miamibros/Vhdl3.vhd Line: 1350
Warning (10492): VHDL Process Statement warning at Vhdl3.vhd(1363): signal "brickline4move" is read inside the Process Statement but isn't in the Process Statement's sensitivity list File: C:/Users/laptop/Desktop/miamibros/Vhdl3.vhd Line: 1363
Warning (10492): VHDL Process Statement warning at Vhdl3.vhd(1376): signal "brickline5move" is read inside the Process Statement but isn't in the Process Statement's sensitivity list File: C:/Users/laptop/Desktop/miamibros/Vhdl3.vhd Line: 1376
Warning (10492): VHDL Process Statement warning at Vhdl3.vhd(1389): signal "brickline6move" is read inside the Process Statement but isn't in the Process Statement's sensitivity list File: C:/Users/laptop/Desktop/miamibros/Vhdl3.vhd Line: 1389
Warning (10492): VHDL Process Statement warning at Vhdl3.vhd(1402): signal "brickline7move" is read inside the Process Statement but isn't in the Process Statement's sensitivity list File: C:/Users/laptop/Desktop/miamibros/Vhdl3.vhd Line: 1402
Warning (10492): VHDL Process Statement warning at Vhdl3.vhd(1415): signal "brickline8move" is read inside the Process Statement but isn't in the Process Statement's sensitivity list File: C:/Users/laptop/Desktop/miamibros/Vhdl3.vhd Line: 1415
Warning (10492): VHDL Process Statement warning at Vhdl3.vhd(1428): signal "brickline9move" is read inside the Process Statement but isn't in the Process Statement's sensitivity list File: C:/Users/laptop/Desktop/miamibros/Vhdl3.vhd Line: 1428
Warning (10492): VHDL Process Statement warning at Vhdl3.vhd(1441): signal "brickline10move" is read inside the Process Statement but isn't in the Process Statement's sensitivity list File: C:/Users/laptop/Desktop/miamibros/Vhdl3.vhd Line: 1441
Warning (10492): VHDL Process Statement warning at Vhdl3.vhd(1454): signal "brickline11move" is read inside the Process Statement but isn't in the Process Statement's sensitivity list File: C:/Users/laptop/Desktop/miamibros/Vhdl3.vhd Line: 1454
Warning (10492): VHDL Process Statement warning at Vhdl3.vhd(1467): signal "brickline12move" is read inside the Process Statement but isn't in the Process Statement's sensitivity list File: C:/Users/laptop/Desktop/miamibros/Vhdl3.vhd Line: 1467
Warning (10492): VHDL Process Statement warning at Vhdl3.vhd(1480): signal "brickline13move" is read inside the Process Statement but isn't in the Process Statement's sensitivity list File: C:/Users/laptop/Desktop/miamibros/Vhdl3.vhd Line: 1480
Warning (10492): VHDL Process Statement warning at Vhdl3.vhd(1493): signal "brickline14move" is read inside the Process Statement but isn't in the Process Statement's sensitivity list File: C:/Users/laptop/Desktop/miamibros/Vhdl3.vhd Line: 1493
Warning (10492): VHDL Process Statement warning at Vhdl3.vhd(1506): signal "brickline15move" is read inside the Process Statement but isn't in the Process Statement's sensitivity list File: C:/Users/laptop/Desktop/miamibros/Vhdl3.vhd Line: 1506
Warning (10492): VHDL Process Statement warning at Vhdl3.vhd(1519): signal "brickline16move" is read inside the Process Statement but isn't in the Process Statement's sensitivity list File: C:/Users/laptop/Desktop/miamibros/Vhdl3.vhd Line: 1519
Warning (10492): VHDL Process Statement warning at Vhdl3.vhd(1532): signal "brickline17move" is read inside the Process Statement but isn't in the Process Statement's sensitivity list File: C:/Users/laptop/Desktop/miamibros/Vhdl3.vhd Line: 1532
Warning (10492): VHDL Process Statement warning at Vhdl3.vhd(1545): signal "brickline18move" is read inside the Process Statement but isn't in the Process Statement's sensitivity list File: C:/Users/laptop/Desktop/miamibros/Vhdl3.vhd Line: 1545
Warning (10492): VHDL Process Statement warning at Vhdl3.vhd(1559): signal "brickline19move" is read inside the Process Statement but isn't in the Process Statement's sensitivity list File: C:/Users/laptop/Desktop/miamibros/Vhdl3.vhd Line: 1559
Warning (10492): VHDL Process Statement warning at Vhdl3.vhd(1571): signal "brickline20move" is read inside the Process Statement but isn't in the Process Statement's sensitivity list File: C:/Users/laptop/Desktop/miamibros/Vhdl3.vhd Line: 1571
Warning (10492): VHDL Process Statement warning at Vhdl3.vhd(1588): signal "brickline0move" is read inside the Process Statement but isn't in the Process Statement's sensitivity list File: C:/Users/laptop/Desktop/miamibros/Vhdl3.vhd Line: 1588
Warning (10492): VHDL Process Statement warning at Vhdl3.vhd(1601): signal "brickline1move" is read inside the Process Statement but isn't in the Process Statement's sensitivity list File: C:/Users/laptop/Desktop/miamibros/Vhdl3.vhd Line: 1601
Warning (10492): VHDL Process Statement warning at Vhdl3.vhd(1614): signal "brickline2move" is read inside the Process Statement but isn't in the Process Statement's sensitivity list File: C:/Users/laptop/Desktop/miamibros/Vhdl3.vhd Line: 1614
Warning (10492): VHDL Process Statement warning at Vhdl3.vhd(1627): signal "brickline3move" is read inside the Process Statement but isn't in the Process Statement's sensitivity list File: C:/Users/laptop/Desktop/miamibros/Vhdl3.vhd Line: 1627
Warning (10492): VHDL Process Statement warning at Vhdl3.vhd(1640): signal "brickline4move" is read inside the Process Statement but isn't in the Process Statement's sensitivity list File: C:/Users/laptop/Desktop/miamibros/Vhdl3.vhd Line: 1640
Warning (10492): VHDL Process Statement warning at Vhdl3.vhd(1653): signal "brickline5move" is read inside the Process Statement but isn't in the Process Statement's sensitivity list File: C:/Users/laptop/Desktop/miamibros/Vhdl3.vhd Line: 1653
Warning (10492): VHDL Process Statement warning at Vhdl3.vhd(1666): signal "brickline6move" is read inside the Process Statement but isn't in the Process Statement's sensitivity list File: C:/Users/laptop/Desktop/miamibros/Vhdl3.vhd Line: 1666
Warning (10492): VHDL Process Statement warning at Vhdl3.vhd(1679): signal "brickline7move" is read inside the Process Statement but isn't in the Process Statement's sensitivity list File: C:/Users/laptop/Desktop/miamibros/Vhdl3.vhd Line: 1679
Warning (10492): VHDL Process Statement warning at Vhdl3.vhd(1692): signal "brickline8move" is read inside the Process Statement but isn't in the Process Statement's sensitivity list File: C:/Users/laptop/Desktop/miamibros/Vhdl3.vhd Line: 1692
Warning (10492): VHDL Process Statement warning at Vhdl3.vhd(1705): signal "brickline9move" is read inside the Process Statement but isn't in the Process Statement's sensitivity list File: C:/Users/laptop/Desktop/miamibros/Vhdl3.vhd Line: 1705
Warning (10492): VHDL Process Statement warning at Vhdl3.vhd(1718): signal "brickline10move" is read inside the Process Statement but isn't in the Process Statement's sensitivity list File: C:/Users/laptop/Desktop/miamibros/Vhdl3.vhd Line: 1718
Warning (10492): VHDL Process Statement warning at Vhdl3.vhd(1731): signal "brickline11move" is read inside the Process Statement but isn't in the Process Statement's sensitivity list File: C:/Users/laptop/Desktop/miamibros/Vhdl3.vhd Line: 1731
Warning (10492): VHDL Process Statement warning at Vhdl3.vhd(1744): signal "brickline12move" is read inside the Process Statement but isn't in the Process Statement's sensitivity list File: C:/Users/laptop/Desktop/miamibros/Vhdl3.vhd Line: 1744
Warning (10492): VHDL Process Statement warning at Vhdl3.vhd(1757): signal "brickline13move" is read inside the Process Statement but isn't in the Process Statement's sensitivity list File: C:/Users/laptop/Desktop/miamibros/Vhdl3.vhd Line: 1757
Warning (10492): VHDL Process Statement warning at Vhdl3.vhd(1770): signal "brickline14move" is read inside the Process Statement but isn't in the Process Statement's sensitivity list File: C:/Users/laptop/Desktop/miamibros/Vhdl3.vhd Line: 1770
Warning (10492): VHDL Process Statement warning at Vhdl3.vhd(1783): signal "brickline15move" is read inside the Process Statement but isn't in the Process Statement's sensitivity list File: C:/Users/laptop/Desktop/miamibros/Vhdl3.vhd Line: 1783
Warning (10492): VHDL Process Statement warning at Vhdl3.vhd(1796): signal "brickline16move" is read inside the Process Statement but isn't in the Process Statement's sensitivity list File: C:/Users/laptop/Desktop/miamibros/Vhdl3.vhd Line: 1796
Warning (10492): VHDL Process Statement warning at Vhdl3.vhd(1809): signal "brickline17move" is read inside the Process Statement but isn't in the Process Statement's sensitivity list File: C:/Users/laptop/Desktop/miamibros/Vhdl3.vhd Line: 1809
Warning (10492): VHDL Process Statement warning at Vhdl3.vhd(1822): signal "brickline18move" is read inside the Process Statement but isn't in the Process Statement's sensitivity list File: C:/Users/laptop/Desktop/miamibros/Vhdl3.vhd Line: 1822
Warning (10492): VHDL Process Statement warning at Vhdl3.vhd(1834): signal "brickline20move" is read inside the Process Statement but isn't in the Process Statement's sensitivity list File: C:/Users/laptop/Desktop/miamibros/Vhdl3.vhd Line: 1834
Warning (10492): VHDL Process Statement warning at Vhdl3.vhd(1842): signal "brickline19move" is read inside the Process Statement but isn't in the Process Statement's sensitivity list File: C:/Users/laptop/Desktop/miamibros/Vhdl3.vhd Line: 1842
Warning (10492): VHDL Process Statement warning at Vhdl3.vhd(1854): signal "brickline20move" is read inside the Process Statement but isn't in the Process Statement's sensitivity list File: C:/Users/laptop/Desktop/miamibros/Vhdl3.vhd Line: 1854
Error (10818): Can't infer register for "collision" at Vhdl3.vhd(615) because it does not hold its value outside the clock edge File: C:/Users/laptop/Desktop/miamibros/Vhdl3.vhd Line: 615
Info (10041): Inferred latch for "collision" at Vhdl3.vhd(615) File: C:/Users/laptop/Desktop/miamibros/Vhdl3.vhd Line: 615
Info (10041): Inferred latch for "LEDscore2[6]" at Vhdl3.vhd(169) File: C:/Users/laptop/Desktop/miamibros/Vhdl3.vhd Line: 169
Info (10041): Inferred latch for "LEDscore2[5]" at Vhdl3.vhd(169) File: C:/Users/laptop/Desktop/miamibros/Vhdl3.vhd Line: 169
Info (10041): Inferred latch for "LEDscore2[4]" at Vhdl3.vhd(169) File: C:/Users/laptop/Desktop/miamibros/Vhdl3.vhd Line: 169
Info (10041): Inferred latch for "LEDscore2[3]" at Vhdl3.vhd(169) File: C:/Users/laptop/Desktop/miamibros/Vhdl3.vhd Line: 169
Info (10041): Inferred latch for "LEDscore2[2]" at Vhdl3.vhd(169) File: C:/Users/laptop/Desktop/miamibros/Vhdl3.vhd Line: 169
Info (10041): Inferred latch for "LEDscore2[1]" at Vhdl3.vhd(169) File: C:/Users/laptop/Desktop/miamibros/Vhdl3.vhd Line: 169
Info (10041): Inferred latch for "LEDscore2[0]" at Vhdl3.vhd(169) File: C:/Users/laptop/Desktop/miamibros/Vhdl3.vhd Line: 169
Info (10041): Inferred latch for "LEDscore[6]" at Vhdl3.vhd(169) File: C:/Users/laptop/Desktop/miamibros/Vhdl3.vhd Line: 169
Info (10041): Inferred latch for "LEDscore[5]" at Vhdl3.vhd(169) File: C:/Users/laptop/Desktop/miamibros/Vhdl3.vhd Line: 169
Info (10041): Inferred latch for "LEDscore[4]" at Vhdl3.vhd(169) File: C:/Users/laptop/Desktop/miamibros/Vhdl3.vhd Line: 169
Info (10041): Inferred latch for "LEDscore[3]" at Vhdl3.vhd(169) File: C:/Users/laptop/Desktop/miamibros/Vhdl3.vhd Line: 169
Info (10041): Inferred latch for "LEDscore[2]" at Vhdl3.vhd(169) File: C:/Users/laptop/Desktop/miamibros/Vhdl3.vhd Line: 169
Info (10041): Inferred latch for "LEDscore[1]" at Vhdl3.vhd(169) File: C:/Users/laptop/Desktop/miamibros/Vhdl3.vhd Line: 169
Info (10041): Inferred latch for "LEDscore[0]" at Vhdl3.vhd(169) File: C:/Users/laptop/Desktop/miamibros/Vhdl3.vhd Line: 169
Error (10822): HDL error at Vhdl3.vhd(615): couldn't implement registers for assignments on this clock edge File: C:/Users/laptop/Desktop/miamibros/Vhdl3.vhd Line: 615
Error (12152): Can't elaborate user hierarchy "hw_image_generator:b2v_inst" File: C:/Users/laptop/Desktop/miamibros/game.vhd Line: 122
Error: Quartus Prime Analysis & Synthesis was unsuccessful. 3 errors, 247 warnings
    Error: Peak virtual memory: 4807 megabytes
    Error: Processing ended: Fri Dec 07 22:30:39 2018
    Error: Elapsed time: 00:00:22
    Error: Total CPU time (on all processors): 00:00:46


